WARNING: profiles.json not found or invalid. Using fallback default models.
